
R version 4.3.0 (2023-04-21 ucrt) -- "Already Tomorrow"
Copyright (C) 2023 The R Foundation for Statistical Computing
Platform: x86_64-w64-mingw32/x64 (64-bit)

R is free software and comes with ABSOLUTELY NO WARRANTY.
You are welcome to redistribute it under certain conditions.
Type 'license()' or 'licence()' for distribution details.

R is a collaborative project with many contributors.
Type 'contributors()' for more information and
'citation()' on how to cite R or R packages in publications.

Type 'demo()' for some demos, 'help()' for on-line help, or
'help.start()' for an HTML browser interface to help.
Type 'q()' to quit R.

> library(tidyverse)
Error in library(tidyverse) : 
  aucun package nommé ‘tidyverse’ n'est trouvé
> library(tidyverse)
Error in library(tidyverse) : 
  aucun package nommé ‘tidyverse’ n'est trouvé
> install.packages(tidyverse)
Error in install.packages : object 'tidyverse' not found
> install.packages("tidyverse")
Installation du package dans ‘C:/Users/packardbell/AppData/Local/R/win-library/4.3’
(car ‘lib’ n'est pas spécifié)
installation des dépendances ‘fastmap’, ‘colorspace’, ‘sys’, ‘bit’, ‘ps’, ‘sass’, ‘base64enc’, ‘digest’, ‘cachem’, ‘farver’, ‘labeling’, ‘munsell’, ‘RColorBrewer’, ‘viridisLite’, ‘rappdirs’, ‘rematch’, ‘askpass’, ‘bit64’, ‘prettyunits’, ‘processx’, ‘evaluate’, ‘highr’, ‘xfun’, ‘yaml’, ‘bslib’, ‘fontawesome’, ‘htmltools’, ‘jquerylib’, ‘tinytex’, ‘backports’, ‘ellipsis’, ‘generics’, ‘glue’, ‘lifecycle’, ‘memoise’, ‘blob’, ‘DBI’, ‘R6’, ‘tidyselect’, ‘vctrs’, ‘withr’, ‘data.table’, ‘gtable’, ‘isoband’, ‘scales’, ‘gargle’, ‘uuid’, ‘cellranger’, ‘curl’, ‘ids’, ‘rematch2’, ‘cpp11’, ‘pkgconfig’, ‘mime’, ‘openssl’, ‘timechange’, ‘fansi’, ‘utf8’, ‘systemfonts’, ‘textshaping’, ‘clipr’, ‘crayon’, ‘vroom’, ‘tzdb’, ‘progress’, ‘callr’, ‘fs’, ‘knitr’, ‘rmarkdown’, ‘selectr’, ‘stringi’, ‘broom’, ‘conflicted’, ‘cli’, ‘dbplyr’, ‘dplyr’, ‘dtplyr’, ‘forcats’, ‘ggplot2’, ‘googledrive’, ‘googlesheets4’, ‘haven’, ‘hms’, ‘httr’, ‘jsonlite’, ‘lubridate’, ‘magrittr’, ‘modelr’, ‘pillar’, ‘purrr’, ‘ragg’, ‘readr’, ‘readxl’, ‘reprex’, ‘rlang’, ‘rstudioapi’, ‘rvest’, ‘stringr’, ‘tibble’, ‘tidyr’, ‘xml2’

trying URL 'https://cran.rstudio.com/bin/windows/contrib/4.3/fastmap_1.1.1.zip'
Content type 'application/zip' length 129526 bytes (126 KB)
downloaded 126 KB

trying URL 'https://cran.rstudio.com/bin/windows/contrib/4.3/colorspace_2.1-0.zip'
Content type 'application/zip' length 2634367 bytes (2.5 MB)
downloaded 2.5 MB

trying URL 'https://cran.rstudio.com/bin/windows/contrib/4.3/sys_3.4.2.zip'
Content type 'application/zip' length 47089 bytes (45 KB)
downloaded 45 KB

trying URL 'https://cran.rstudio.com/bin/windows/contrib/4.3/bit_4.0.5.zip'
Content type 'application/zip' length 1135263 bytes (1.1 MB)
downloaded 1.1 MB

trying URL 'https://cran.rstudio.com/bin/windows/contrib/4.3/ps_1.7.5.zip'
Content type 'application/zip' length 553303 bytes (540 KB)
downloaded 540 KB

trying URL 'https://cran.rstudio.com/bin/windows/contrib/4.3/sass_0.4.6.zip'
Content type 'application/zip' length 2595285 bytes (2.5 MB)
downloaded 2.5 MB

trying URL 'https://cran.rstudio.com/bin/windows/contrib/4.3/base64enc_0.1-3.zip'
Content type 'application/zip' length 32637 bytes (31 KB)
downloaded 31 KB

trying URL 'https://cran.rstudio.com/bin/windows/contrib/4.3/digest_0.6.31.zip'
Content type 'application/zip' length 197193 bytes (192 KB)
downloaded 192 KB

trying URL 'https://cran.rstudio.com/bin/windows/contrib/4.3/cachem_1.0.8.zip'
Content type 'application/zip' length 72593 bytes (70 KB)
downloaded 70 KB

trying URL 'https://cran.rstudio.com/bin/windows/contrib/4.3/farver_2.1.1.zip'
Content type 'application/zip' length 1505035 bytes (1.4 MB)
downloaded 1.4 MB

trying URL 'https://cran.rstudio.com/bin/windows/contrib/4.3/labeling_0.4.2.zip'
Content type 'application/zip' length 62592 bytes (61 KB)
downloaded 61 KB

trying URL 'https://cran.rstudio.com/bin/windows/contrib/4.3/munsell_0.5.0.zip'
Content type 'application/zip' length 244704 bytes (238 KB)
downloaded 238 KB

trying URL 'https://cran.rstudio.com/bin/windows/contrib/4.3/RColorBrewer_1.1-3.zip'
Content type 'application/zip' length 55876 bytes (54 KB)
downloaded 54 KB

trying URL 'https://cran.rstudio.com/bin/windows/contrib/4.3/viridisLite_0.4.2.zip'
Content type 'application/zip' length 1300033 bytes (1.2 MB)
downloaded 1.2 MB

trying URL 'https://cran.rstudio.com/bin/windows/contrib/4.3/rappdirs_0.3.3.zip'
Content type 'application/zip' length 51297 bytes (50 KB)
downloaded 50 KB

trying URL 'https://cran.rstudio.com/bin/windows/contrib/4.3/rematch_1.0.1.zip'
Content type 'application/zip' length 16249 bytes (15 KB)
downloaded 15 KB

trying URL 'https://cran.rstudio.com/bin/windows/contrib/4.3/askpass_1.1.zip'
Content type 'application/zip' length 73382 bytes (71 KB)
downloaded 71 KB

trying URL 'https://cran.rstudio.com/bin/windows/contrib/4.3/bit64_4.0.5.zip'
Content type 'application/zip' length 493474 bytes (481 KB)
downloaded 481 KB

trying URL 'https://cran.rstudio.com/bin/windows/contrib/4.3/prettyunits_1.1.1.zip'
Content type 'application/zip' length 37470 bytes (36 KB)
downloaded 36 KB

trying URL 'https://cran.rstudio.com/bin/windows/contrib/4.3/processx_3.8.1.zip'
Content type 'application/zip' length 860207 bytes (840 KB)
downloaded 840 KB

trying URL 'https://cran.rstudio.com/bin/windows/contrib/4.3/evaluate_0.21.zip'
Content type 'application/zip' length 82789 bytes (80 KB)
downloaded 80 KB

trying URL 'https://cran.rstudio.com/bin/windows/contrib/4.3/highr_0.10.zip'
Content type 'application/zip' length 46527 bytes (45 KB)
downloaded 45 KB

trying URL 'https://cran.rstudio.com/bin/windows/contrib/4.3/xfun_0.39.zip'
Content type 'application/zip' length 434662 bytes (424 KB)
downloaded 424 KB

trying URL 'https://cran.rstudio.com/bin/windows/contrib/4.3/yaml_2.3.7.zip'
Content type 'application/zip' length 115669 bytes (112 KB)
downloaded 112 KB

trying URL 'https://cran.rstudio.com/bin/windows/contrib/4.3/bslib_0.4.2.zip'
Content type 'application/zip' length 5060261 bytes (4.8 MB)
downloaded 4.8 MB

trying URL 'https://cran.rstudio.com/bin/windows/contrib/4.3/fontawesome_0.5.1.zip'
Content type 'application/zip' length 1353125 bytes (1.3 MB)
downloaded 1.3 MB

trying URL 'https://cran.rstudio.com/bin/windows/contrib/4.3/htmltools_0.5.5.zip'
Content type 'application/zip' length 351337 bytes (343 KB)
downloaded 343 KB

trying URL 'https://cran.rstudio.com/bin/windows/contrib/4.3/jquerylib_0.1.4.zip'
Content type 'application/zip' length 525944 bytes (513 KB)
downloaded 513 KB

trying URL 'https://cran.rstudio.com/bin/windows/contrib/4.3/tinytex_0.45.zip'
Content type 'application/zip' length 135885 bytes (132 KB)
downloaded 132 KB

trying URL 'https://cran.rstudio.com/bin/windows/contrib/4.3/backports_1.4.1.zip'
Content type 'application/zip' length 101437 bytes (99 KB)
downloaded 99 KB

trying URL 'https://cran.rstudio.com/bin/windows/contrib/4.3/ellipsis_0.3.2.zip'
Content type 'application/zip' length 40404 bytes (39 KB)
downloaded 39 KB

trying URL 'https://cran.rstudio.com/bin/windows/contrib/4.3/generics_0.1.3.zip'
Content type 'application/zip' length 78455 bytes (76 KB)
downloaded 76 KB

trying URL 'https://cran.rstudio.com/bin/windows/contrib/4.3/glue_1.6.2.zip'
Content type 'application/zip' length 162349 bytes (158 KB)
downloaded 158 KB

trying URL 'https://cran.rstudio.com/bin/windows/contrib/4.3/lifecycle_1.0.3.zip'
Content type 'application/zip' length 138807 bytes (135 KB)
downloaded 135 KB

trying URL 'https://cran.rstudio.com/bin/windows/contrib/4.3/memoise_2.0.1.zip'
Content type 'application/zip' length 49781 bytes (48 KB)
downloaded 48 KB

trying URL 'https://cran.rstudio.com/bin/windows/contrib/4.3/blob_1.2.4.zip'
Content type 'application/zip' length 48200 bytes (47 KB)
downloaded 47 KB

trying URL 'https://cran.rstudio.com/bin/windows/contrib/4.3/DBI_1.1.3.zip'
Content type 'application/zip' length 774250 bytes (756 KB)
downloaded 756 KB

trying URL 'https://cran.rstudio.com/bin/windows/contrib/4.3/R6_2.5.1.zip'
Content type 'application/zip' length 84261 bytes (82 KB)
downloaded 82 KB

trying URL 'https://cran.rstudio.com/bin/windows/contrib/4.3/tidyselect_1.2.0.zip'
Content type 'application/zip' length 224011 bytes (218 KB)
downloaded 218 KB

trying URL 'https://cran.rstudio.com/bin/windows/contrib/4.3/vctrs_0.6.2.zip'
Content type 'application/zip' length 1328327 bytes (1.3 MB)
downloaded 1.3 MB

trying URL 'https://cran.rstudio.com/bin/windows/contrib/4.3/withr_2.5.0.zip'
Content type 'application/zip' length 231501 bytes (226 KB)
downloaded 226 KB

trying URL 'https://cran.rstudio.com/bin/windows/contrib/4.3/data.table_1.14.8.zip'
Content type 'application/zip' length 2289474 bytes (2.2 MB)
downloaded 2.2 MB

trying URL 'https://cran.rstudio.com/bin/windows/contrib/4.3/gtable_0.3.3.zip'
Content type 'application/zip' length 225450 bytes (220 KB)
downloaded 220 KB

trying URL 'https://cran.rstudio.com/bin/windows/contrib/4.3/isoband_0.2.7.zip'
Content type 'application/zip' length 1967792 bytes (1.9 MB)
downloaded 1.9 MB

trying URL 'https://cran.rstudio.com/bin/windows/contrib/4.3/scales_1.2.1.zip'
Content type 'application/zip' length 614073 bytes (599 KB)
downloaded 599 KB

trying URL 'https://cran.rstudio.com/bin/windows/contrib/4.3/gargle_1.4.0.zip'
Content type 'application/zip' length 749607 bytes (732 KB)
downloaded 732 KB

trying URL 'https://cran.rstudio.com/bin/windows/contrib/4.3/uuid_1.1-0.zip'
Content type 'application/zip' length 49491 bytes (48 KB)
downloaded 48 KB

trying URL 'https://cran.rstudio.com/bin/windows/contrib/4.3/cellranger_1.1.0.zip'
Content type 'application/zip' length 103933 bytes (101 KB)
downloaded 101 KB

trying URL 'https://cran.rstudio.com/bin/windows/contrib/4.3/curl_5.0.0.zip'
Content type 'application/zip' length 2621838 bytes (2.5 MB)
downloaded 2.5 MB

trying URL 'https://cran.rstudio.com/bin/windows/contrib/4.3/ids_1.0.1.zip'
Content type 'application/zip' length 123875 bytes (120 KB)
downloaded 120 KB

trying URL 'https://cran.rstudio.com/bin/windows/contrib/4.3/rematch2_2.1.2.zip'
Content type 'application/zip' length 47537 bytes (46 KB)
downloaded 46 KB

trying URL 'https://cran.rstudio.com/bin/windows/contrib/4.3/cpp11_0.4.3.zip'
Content type 'application/zip' length 321897 bytes (314 KB)
downloaded 314 KB

trying URL 'https://cran.rstudio.com/bin/windows/contrib/4.3/pkgconfig_2.0.3.zip'
Content type 'application/zip' length 22343 bytes (21 KB)
downloaded 21 KB

trying URL 'https://cran.rstudio.com/bin/windows/contrib/4.3/mime_0.12.zip'
Content type 'application/zip' length 40809 bytes (39 KB)
downloaded 39 KB

trying URL 'https://cran.rstudio.com/bin/windows/contrib/4.3/openssl_2.0.6.zip'
Content type 'application/zip' length 2657985 bytes (2.5 MB)
downloaded 2.5 MB

trying URL 'https://cran.rstudio.com/bin/windows/contrib/4.3/timechange_0.2.0.zip'
Content type 'application/zip' length 516315 bytes (504 KB)
downloaded 504 KB

trying URL 'https://cran.rstudio.com/bin/windows/contrib/4.3/fansi_1.0.4.zip'
Content type 'application/zip' length 312455 bytes (305 KB)
downloaded 305 KB

trying URL 'https://cran.rstudio.com/bin/windows/contrib/4.3/utf8_1.2.3.zip'
Content type 'application/zip' length 149585 bytes (146 KB)
downloaded 146 KB

trying URL 'https://cran.rstudio.com/bin/windows/contrib/4.3/systemfonts_1.0.4.zip'
Content type 'application/zip' length 1053401 bytes (1.0 MB)
downloaded 1.0 MB

trying URL 'https://cran.rstudio.com/bin/windows/contrib/4.3/textshaping_0.3.6.zip'
Content type 'application/zip' length 1021545 bytes (997 KB)
downloaded 997 KB

trying URL 'https://cran.rstudio.com/bin/windows/contrib/4.3/clipr_0.8.0.zip'
Content type 'application/zip' length 54551 bytes (53 KB)
downloaded 53 KB

trying URL 'https://cran.rstudio.com/bin/windows/contrib/4.3/crayon_1.5.2.zip'
Content type 'application/zip' length 161827 bytes (158 KB)
downloaded 158 KB

trying URL 'https://cran.rstudio.com/bin/windows/contrib/4.3/vroom_1.6.3.zip'
Content type 'application/zip' length 1369173 bytes (1.3 MB)
downloaded 1.3 MB

trying URL 'https://cran.rstudio.com/bin/windows/contrib/4.3/tzdb_0.4.0.zip'
Content type 'application/zip' length 1033954 bytes (1009 KB)
downloaded 1009 KB

trying URL 'https://cran.rstudio.com/bin/windows/contrib/4.3/progress_1.2.2.zip'
Content type 'application/zip' length 86027 bytes (84 KB)
downloaded 84 KB

trying URL 'https://cran.rstudio.com/bin/windows/contrib/4.3/callr_3.7.3.zip'
Content type 'application/zip' length 441166 bytes (430 KB)
downloaded 430 KB

trying URL 'https://cran.rstudio.com/bin/windows/contrib/4.3/fs_1.6.2.zip'
Content type 'application/zip' length 391129 bytes (381 KB)
downloaded 381 KB

trying URL 'https://cran.rstudio.com/bin/windows/contrib/4.3/knitr_1.43.zip'
Content type 'application/zip' length 1504835 bytes (1.4 MB)
downloaded 1.4 MB

trying URL 'https://cran.rstudio.com/bin/windows/contrib/4.3/rmarkdown_2.22.zip'
Content type 'application/zip' length 2666388 bytes (2.5 MB)
downloaded 2.5 MB

trying URL 'https://cran.rstudio.com/bin/windows/contrib/4.3/selectr_0.4-2.zip'
Content type 'application/zip' length 490554 bytes (479 KB)
downloaded 479 KB

trying URL 'https://cran.rstudio.com/bin/windows/contrib/4.3/stringi_1.7.12.zip'
Content type 'application/zip' length 14216005 bytes (13.6 MB)
downloaded 13.6 MB

trying URL 'https://cran.rstudio.com/bin/windows/contrib/4.3/broom_1.0.4.zip'
Content type 'application/zip' length 1862761 bytes (1.8 MB)
downloaded 1.8 MB

trying URL 'https://cran.rstudio.com/bin/windows/contrib/4.3/conflicted_1.2.0.zip'
Content type 'application/zip' length 57314 bytes (55 KB)
downloaded 55 KB

trying URL 'https://cran.rstudio.com/bin/windows/contrib/4.3/cli_3.6.1.zip'
Content type 'application/zip' length 1331550 bytes (1.3 MB)
downloaded 1.3 MB

trying URL 'https://cran.rstudio.com/bin/windows/contrib/4.3/dbplyr_2.3.2.zip'
Content type 'application/zip' length 1139027 bytes (1.1 MB)
downloaded 1.1 MB

trying URL 'https://cran.rstudio.com/bin/windows/contrib/4.3/dplyr_1.1.2.zip'
Content type 'application/zip' length 1552734 bytes (1.5 MB)
downloaded 1.5 MB

trying URL 'https://cran.rstudio.com/bin/windows/contrib/4.3/dtplyr_1.3.1.zip'
Content type 'application/zip' length 352445 bytes (344 KB)
downloaded 344 KB

trying URL 'https://cran.rstudio.com/bin/windows/contrib/4.3/forcats_1.0.0.zip'
Content type 'application/zip' length 427763 bytes (417 KB)
downloaded 417 KB

trying URL 'https://cran.rstudio.com/bin/windows/contrib/4.3/ggplot2_3.4.2.zip'
Content type 'application/zip' length 4292357 bytes (4.1 MB)
downloaded 4.1 MB

trying URL 'https://cran.rstudio.com/bin/windows/contrib/4.3/googledrive_2.1.0.zip'
Content type 'application/zip' length 1887990 bytes (1.8 MB)
downloaded 1.8 MB

trying URL 'https://cran.rstudio.com/bin/windows/contrib/4.3/googlesheets4_1.1.0.zip'
Content type 'application/zip' length 506946 bytes (495 KB)
downloaded 495 KB

trying URL 'https://cran.rstudio.com/bin/windows/contrib/4.3/haven_2.5.2.zip'
Content type 'application/zip' length 774474 bytes (756 KB)
downloaded 756 KB

trying URL 'https://cran.rstudio.com/bin/windows/contrib/4.3/hms_1.1.3.zip'
Content type 'application/zip' length 104024 bytes (101 KB)
downloaded 101 KB

trying URL 'https://cran.rstudio.com/bin/windows/contrib/4.3/httr_1.4.6.zip'
Content type 'application/zip' length 512477 bytes (500 KB)
downloaded 500 KB

trying URL 'https://cran.rstudio.com/bin/windows/contrib/4.3/jsonlite_1.8.4.zip'
Content type 'application/zip' length 1104825 bytes (1.1 MB)
downloaded 1.1 MB

trying URL 'https://cran.rstudio.com/bin/windows/contrib/4.3/lubridate_1.9.2.zip'
Content type 'application/zip' length 982251 bytes (959 KB)
downloaded 959 KB

trying URL 'https://cran.rstudio.com/bin/windows/contrib/4.3/magrittr_2.0.3.zip'
Content type 'application/zip' length 226694 bytes (221 KB)
downloaded 221 KB

trying URL 'https://cran.rstudio.com/bin/windows/contrib/4.3/modelr_0.1.11.zip'
Content type 'application/zip' length 202485 bytes (197 KB)
downloaded 197 KB

trying URL 'https://cran.rstudio.com/bin/windows/contrib/4.3/pillar_1.9.0.zip'
Content type 'application/zip' length 657860 bytes (642 KB)
downloaded 642 KB

trying URL 'https://cran.rstudio.com/bin/windows/contrib/4.3/purrr_1.0.1.zip'
Content type 'application/zip' length 497937 bytes (486 KB)
downloaded 486 KB

trying URL 'https://cran.rstudio.com/bin/windows/contrib/4.3/ragg_1.2.5.zip'
Content type 'application/zip' length 1305662 bytes (1.2 MB)
downloaded 1.2 MB

trying URL 'https://cran.rstudio.com/bin/windows/contrib/4.3/readr_2.1.4.zip'
Content type 'application/zip' length 1205618 bytes (1.1 MB)
downloaded 1.1 MB

trying URL 'https://cran.rstudio.com/bin/windows/contrib/4.3/readxl_1.4.2.zip'
Content type 'application/zip' length 1208790 bytes (1.2 MB)
downloaded 1.2 MB

trying URL 'https://cran.rstudio.com/bin/windows/contrib/4.3/reprex_2.0.2.zip'
Content type 'application/zip' length 504870 bytes (493 KB)
downloaded 493 KB

trying URL 'https://cran.rstudio.com/bin/windows/contrib/4.3/rlang_1.1.1.zip'
Content type 'application/zip' length 1564909 bytes (1.5 MB)
downloaded 1.5 MB

trying URL 'https://cran.rstudio.com/bin/windows/contrib/4.3/rstudioapi_0.14.zip'
Content type 'application/zip' length 317033 bytes (309 KB)
downloaded 309 KB

trying URL 'https://cran.rstudio.com/bin/windows/contrib/4.3/rvest_1.0.3.zip'
Content type 'application/zip' length 218912 bytes (213 KB)
downloaded 213 KB

trying URL 'https://cran.rstudio.com/bin/windows/contrib/4.3/stringr_1.5.0.zip'
Content type 'application/zip' length 317099 bytes (309 KB)
downloaded 309 KB

trying URL 'https://cran.rstudio.com/bin/windows/contrib/4.3/tibble_3.2.1.zip'
Content type 'application/zip' length 689731 bytes (673 KB)
downloaded 673 KB

trying URL 'https://cran.rstudio.com/bin/windows/contrib/4.3/tidyr_1.3.0.zip'
Content type 'application/zip' length 1291790 bytes (1.2 MB)
downloaded 1.2 MB

trying URL 'https://cran.rstudio.com/bin/windows/contrib/4.3/xml2_1.3.4.zip'
Content type 'application/zip' length 1557159 bytes (1.5 MB)
downloaded 1.5 MB

trying URL 'https://cran.rstudio.com/bin/windows/contrib/4.3/tidyverse_2.0.0.zip'
Content type 'application/zip' length 430702 bytes (420 KB)
downloaded 420 KB

le package ‘fastmap’ a été décompressé et les sommes MD5 ont été vérifiées avec succés
le package ‘colorspace’ a été décompressé et les sommes MD5 ont été vérifiées avec succés
le package ‘sys’ a été décompressé et les sommes MD5 ont été vérifiées avec succés
le package ‘bit’ a été décompressé et les sommes MD5 ont été vérifiées avec succés
le package ‘ps’ a été décompressé et les sommes MD5 ont été vérifiées avec succés
le package ‘sass’ a été décompressé et les sommes MD5 ont été vérifiées avec succés
le package ‘base64enc’ a été décompressé et les sommes MD5 ont été vérifiées avec succés
le package ‘digest’ a été décompressé et les sommes MD5 ont été vérifiées avec succés
le package ‘cachem’ a été décompressé et les sommes MD5 ont été vérifiées avec succés
le package ‘farver’ a été décompressé et les sommes MD5 ont été vérifiées avec succés
le package ‘labeling’ a été décompressé et les sommes MD5 ont été vérifiées avec succés
le package ‘munsell’ a été décompressé et les sommes MD5 ont été vérifiées avec succés
le package ‘RColorBrewer’ a été décompressé et les sommes MD5 ont été vérifiées avec succés
le package ‘viridisLite’ a été décompressé et les sommes MD5 ont été vérifiées avec succés
le package ‘rappdirs’ a été décompressé et les sommes MD5 ont été vérifiées avec succés
le package ‘rematch’ a été décompressé et les sommes MD5 ont été vérifiées avec succés
le package ‘askpass’ a été décompressé et les sommes MD5 ont été vérifiées avec succés
le package ‘bit64’ a été décompressé et les sommes MD5 ont été vérifiées avec succés
le package ‘prettyunits’ a été décompressé et les sommes MD5 ont été vérifiées avec succés
le package ‘processx’ a été décompressé et les sommes MD5 ont été vérifiées avec succés
le package ‘evaluate’ a été décompressé et les sommes MD5 ont été vérifiées avec succés
le package ‘highr’ a été décompressé et les sommes MD5 ont été vérifiées avec succés
le package ‘xfun’ a été décompressé et les sommes MD5 ont été vérifiées avec succés
le package ‘yaml’ a été décompressé et les sommes MD5 ont été vérifiées avec succés
le package ‘bslib’ a été décompressé et les sommes MD5 ont été vérifiées avec succés
le package ‘fontawesome’ a été décompressé et les sommes MD5 ont été vérifiées avec succés
le package ‘htmltools’ a été décompressé et les sommes MD5 ont été vérifiées avec succés
le package ‘jquerylib’ a été décompressé et les sommes MD5 ont été vérifiées avec succés
le package ‘tinytex’ a été décompressé et les sommes MD5 ont été vérifiées avec succés
le package ‘backports’ a été décompressé et les sommes MD5 ont été vérifiées avec succés
le package ‘ellipsis’ a été décompressé et les sommes MD5 ont été vérifiées avec succés
le package ‘generics’ a été décompressé et les sommes MD5 ont été vérifiées avec succés
le package ‘glue’ a été décompressé et les sommes MD5 ont été vérifiées avec succés
le package ‘lifecycle’ a été décompressé et les sommes MD5 ont été vérifiées avec succés
le package ‘memoise’ a été décompressé et les sommes MD5 ont été vérifiées avec succés
le package ‘blob’ a été décompressé et les sommes MD5 ont été vérifiées avec succés
le package ‘DBI’ a été décompressé et les sommes MD5 ont été vérifiées avec succés
le package ‘R6’ a été décompressé et les sommes MD5 ont été vérifiées avec succés
le package ‘tidyselect’ a été décompressé et les sommes MD5 ont été vérifiées avec succés
le package ‘vctrs’ a été décompressé et les sommes MD5 ont été vérifiées avec succés
le package ‘withr’ a été décompressé et les sommes MD5 ont été vérifiées avec succés
le package ‘data.table’ a été décompressé et les sommes MD5 ont été vérifiées avec succés
le package ‘gtable’ a été décompressé et les sommes MD5 ont été vérifiées avec succés
le package ‘isoband’ a été décompressé et les sommes MD5 ont été vérifiées avec succés
le package ‘scales’ a été décompressé et les sommes MD5 ont été vérifiées avec succés
le package ‘gargle’ a été décompressé et les sommes MD5 ont été vérifiées avec succés
le package ‘uuid’ a été décompressé et les sommes MD5 ont été vérifiées avec succés
le package ‘cellranger’ a été décompressé et les sommes MD5 ont été vérifiées avec succés
le package ‘curl’ a été décompressé et les sommes MD5 ont été vérifiées avec succés
le package ‘ids’ a été décompressé et les sommes MD5 ont été vérifiées avec succés
le package ‘rematch2’ a été décompressé et les sommes MD5 ont été vérifiées avec succés
le package ‘cpp11’ a été décompressé et les sommes MD5 ont été vérifiées avec succés
le package ‘pkgconfig’ a été décompressé et les sommes MD5 ont été vérifiées avec succés
le package ‘mime’ a été décompressé et les sommes MD5 ont été vérifiées avec succés
le package ‘openssl’ a été décompressé et les sommes MD5 ont été vérifiées avec succés
le package ‘timechange’ a été décompressé et les sommes MD5 ont été vérifiées avec succés
le package ‘fansi’ a été décompressé et les sommes MD5 ont été vérifiées avec succés
le package ‘utf8’ a été décompressé et les sommes MD5 ont été vérifiées avec succés
le package ‘systemfonts’ a été décompressé et les sommes MD5 ont été vérifiées avec succés
le package ‘textshaping’ a été décompressé et les sommes MD5 ont été vérifiées avec succés
le package ‘clipr’ a été décompressé et les sommes MD5 ont été vérifiées avec succés
le package ‘crayon’ a été décompressé et les sommes MD5 ont été vérifiées avec succés
le package ‘vroom’ a été décompressé et les sommes MD5 ont été vérifiées avec succés
le package ‘tzdb’ a été décompressé et les sommes MD5 ont été vérifiées avec succés
le package ‘progress’ a été décompressé et les sommes MD5 ont été vérifiées avec succés
le package ‘callr’ a été décompressé et les sommes MD5 ont été vérifiées avec succés
le package ‘fs’ a été décompressé et les sommes MD5 ont été vérifiées avec succés
le package ‘knitr’ a été décompressé et les sommes MD5 ont été vérifiées avec succés
le package ‘rmarkdown’ a été décompressé et les sommes MD5 ont été vérifiées avec succés
le package ‘selectr’ a été décompressé et les sommes MD5 ont été vérifiées avec succés
le package ‘stringi’ a été décompressé et les sommes MD5 ont été vérifiées avec succés
le package ‘broom’ a été décompressé et les sommes MD5 ont été vérifiées avec succés
le package ‘conflicted’ a été décompressé et les sommes MD5 ont été vérifiées avec succés
le package ‘cli’ a été décompressé et les sommes MD5 ont été vérifiées avec succés
le package ‘dbplyr’ a été décompressé et les sommes MD5 ont été vérifiées avec succés
le package ‘dplyr’ a été décompressé et les sommes MD5 ont été vérifiées avec succés
le package ‘dtplyr’ a été décompressé et les sommes MD5 ont été vérifiées avec succés
le package ‘forcats’ a été décompressé et les sommes MD5 ont été vérifiées avec succés
le package ‘ggplot2’ a été décompressé et les sommes MD5 ont été vérifiées avec succés
le package ‘googledrive’ a été décompressé et les sommes MD5 ont été vérifiées avec succés
le package ‘googlesheets4’ a été décompressé et les sommes MD5 ont été vérifiées avec succés
le package ‘haven’ a été décompressé et les sommes MD5 ont été vérifiées avec succés
le package ‘hms’ a été décompressé et les sommes MD5 ont été vérifiées avec succés
le package ‘httr’ a été décompressé et les sommes MD5 ont été vérifiées avec succés
le package ‘jsonlite’ a été décompressé et les sommes MD5 ont été vérifiées avec succés
le package ‘lubridate’ a été décompressé et les sommes MD5 ont été vérifiées avec succés
le package ‘magrittr’ a été décompressé et les sommes MD5 ont été vérifiées avec succés
le package ‘modelr’ a été décompressé et les sommes MD5 ont été vérifiées avec succés
le package ‘pillar’ a été décompressé et les sommes MD5 ont été vérifiées avec succés
le package ‘purrr’ a été décompressé et les sommes MD5 ont été vérifiées avec succés
le package ‘ragg’ a été décompressé et les sommes MD5 ont été vérifiées avec succés
le package ‘readr’ a été décompressé et les sommes MD5 ont été vérifiées avec succés
le package ‘readxl’ a été décompressé et les sommes MD5 ont été vérifiées avec succés
le package ‘reprex’ a été décompressé et les sommes MD5 ont été vérifiées avec succés
le package ‘rlang’ a été décompressé et les sommes MD5 ont été vérifiées avec succés
le package ‘rstudioapi’ a été décompressé et les sommes MD5 ont été vérifiées avec succés
le package ‘rvest’ a été décompressé et les sommes MD5 ont été vérifiées avec succés
le package ‘stringr’ a été décompressé et les sommes MD5 ont été vérifiées avec succés
le package ‘tibble’ a été décompressé et les sommes MD5 ont été vérifiées avec succés
le package ‘tidyr’ a été décompressé et les sommes MD5 ont été vérifiées avec succés
le package ‘xml2’ a été décompressé et les sommes MD5 ont été vérifiées avec succés
le package ‘tidyverse’ a été décompressé et les sommes MD5 ont été vérifiées avec succés

Les packages binaires téléchargés sont dans
	C:\Users\packardbell\AppData\Local\Temp\RtmpWA5ea4\downloaded_packages
> library(tidyverse)
-- Attaching core tidyverse packages -------------------------------------------- tidyverse 2.0.0 --
v dplyr     1.1.2     v readr     2.1.4
v forcats   1.0.0     v stringr   1.5.0
v ggplot2   3.4.2     v tibble    3.2.1
v lubridate 1.9.2     v tidyr     1.3.0
v purrr     1.0.1     
-- Conflicts -------------------------------------------------------------- tidyverse_conflicts() --
x dplyr::filter() masks stats::filter()
x dplyr::lag()    masks stats::lag()
i Use the conflicted package to force all conflicts to become errors
> data(Zoo, package="mlbench")
Error in find.package(package, lib.loc, verbose = verbose) : 
  aucun package nommé ‘mlbench’ n'est trouvé
> install.packages("mlbench")
Installation du package dans ‘C:/Users/packardbell/AppData/Local/R/win-library/4.3’
(car ‘lib’ n'est pas spécifié)
trying URL 'https://cran.rstudio.com/bin/windows/contrib/4.3/mlbench_2.1-3.1.zip'
Content type 'application/zip' length 1054502 bytes (1.0 MB)
downloaded 1.0 MB

le package ‘mlbench’ a été décompressé et les sommes MD5 ont été vérifiées avec succés

Les packages binaires téléchargés sont dans
	C:\Users\packardbell\AppData\Local\Temp\RtmpWA5ea4\downloaded_packages
> data(Zoo, package="mlbench")
> view(Zoo)
> names(Zoo)
 [1] "hair"     "feathers" "eggs"     "milk"     "airborne" "aquatic"  "predator" "toothed" 
 [9] "backbone" "breathes" "venomous" "fins"     "legs"     "tail"     "domestic" "catsize" 
[17] "type"    
> Zoo$type
  [1] mammal        mammal        fish          mammal        mammal        mammal       
  [7] mammal        fish          fish          mammal        mammal        bird         
 [13] fish          mollusc.et.al mollusc.et.al mollusc.et.al bird          mammal       
 [19] fish          mammal        bird          bird          mammal        bird         
 [25] insect        amphibian     amphibian     mammal        mammal        mammal       
 [31] insect        mammal        mammal        bird          fish          mammal       
 [37] mammal        bird          fish          insect        insect        bird         
 [43] insect        bird          mammal        mammal        mollusc.et.al mammal       
 [49] mammal        mammal        mammal        insect        amphibian     mollusc.et.al
 [55] mammal        mammal        bird          bird          bird          bird         
 [61] fish          fish          reptile       mammal        mammal        mammal       
 [67] mammal        mammal        mammal        mammal        mammal        bird         
 [73] mollusc.et.al fish          mammal        mammal        reptile       mollusc.et.al
 [79] bird          bird          reptile       mollusc.et.al fish          bird         
 [85] mammal        mollusc.et.al fish          bird          insect        amphibian    
 [91] reptile       reptile       fish          mammal        mammal        bird         
 [97] mammal        insect        mammal        mollusc.et.al bird         
Levels: mammal bird reptile fish amphibian insect mollusc.et.al
> head(Zoo)
          hair feathers  eggs  milk airborne aquatic predator toothed backbone breathes venomous
aardvark  TRUE    FALSE FALSE  TRUE    FALSE   FALSE     TRUE    TRUE     TRUE     TRUE    FALSE
antelope  TRUE    FALSE FALSE  TRUE    FALSE   FALSE    FALSE    TRUE     TRUE     TRUE    FALSE
bass     FALSE    FALSE  TRUE FALSE    FALSE    TRUE     TRUE    TRUE     TRUE    FALSE    FALSE
bear      TRUE    FALSE FALSE  TRUE    FALSE   FALSE     TRUE    TRUE     TRUE     TRUE    FALSE
boar      TRUE    FALSE FALSE  TRUE    FALSE   FALSE     TRUE    TRUE     TRUE     TRUE    FALSE
buffalo   TRUE    FALSE FALSE  TRUE    FALSE   FALSE    FALSE    TRUE     TRUE     TRUE    FALSE
          fins legs  tail domestic catsize   type
aardvark FALSE    4 FALSE    FALSE    TRUE mammal
antelope FALSE    4  TRUE    FALSE    TRUE mammal
bass      TRUE    0  TRUE    FALSE   FALSE   fish
bear     FALSE    4 FALSE    FALSE    TRUE mammal
boar     FALSE    4  TRUE    FALSE    TRUE mammal
buffalo  FALSE    4  TRUE    FALSE    TRUE mammal
> as_tibble(Zoo)
# A tibble: 101 x 17
   hair  feathers eggs  milk  airborne aquatic predator toothed backbone breathes venomous fins 
   <lgl> <lgl>    <lgl> <lgl> <lgl>    <lgl>   <lgl>    <lgl>   <lgl>    <lgl>    <lgl>    <lgl>
 1 TRUE  FALSE    FALSE TRUE  FALSE    FALSE   TRUE     TRUE    TRUE     TRUE     FALSE    FALSE
 2 TRUE  FALSE    FALSE TRUE  FALSE    FALSE   FALSE    TRUE    TRUE     TRUE     FALSE    FALSE
 3 FALSE FALSE    TRUE  FALSE FALSE    TRUE    TRUE     TRUE    TRUE     FALSE    FALSE    TRUE 
 4 TRUE  FALSE    FALSE TRUE  FALSE    FALSE   TRUE     TRUE    TRUE     TRUE     FALSE    FALSE
 5 TRUE  FALSE    FALSE TRUE  FALSE    FALSE   TRUE     TRUE    TRUE     TRUE     FALSE    FALSE
 6 TRUE  FALSE    FALSE TRUE  FALSE    FALSE   FALSE    TRUE    TRUE     TRUE     FALSE    FALSE
 7 TRUE  FALSE    FALSE TRUE  FALSE    FALSE   FALSE    TRUE    TRUE     TRUE     FALSE    FALSE
 8 FALSE FALSE    TRUE  FALSE FALSE    TRUE    FALSE    TRUE    TRUE     FALSE    FALSE    TRUE 
 9 FALSE FALSE    TRUE  FALSE FALSE    TRUE    TRUE     TRUE    TRUE     FALSE    FALSE    TRUE 
10 TRUE  FALSE    FALSE TRUE  FALSE    FALSE   FALSE    TRUE    TRUE     TRUE     FALSE    FALSE
# i 91 more rows
# i 5 more variables: legs <int>, tail <lgl>, domestic <lgl>, catsize <lgl>, type <fct>
# i Use `print(n = ...)` to see more rows
> zoo->zoo%>%
+     modify_if(is.logical, factor, levels = c(TRUE, FALSE)) %>%
+     modify_if(is.logical, factor, levels = c(TRUE, FALSE))
Error: object 'zoo' not found
> zoo->zoo%>%
+     modify_if(is.logical, factor, levels = c(TRUE, FALSE)) %>%
+     modify_if(is.character, factor)
Error: object 'zoo' not found
> zoo <- zoo %>%
+     modify_if(is.logical, factor, levels = c(TRUE, FALSE)) %>%
+     modify_if(is.character, factor)
Error: object 'zoo' not found
> Zoo <- Zoo %>%
+     modify_if(is.logical, factor, levels = c(TRUE, FALSE)) %>%
+     modify_if(is.character, factor)
> library(rpart)
> as_tibble(Zoo, rownames = "animal")
# A tibble: 101 x 18
   animal hair  feathers eggs  milk  airborne aquatic predator toothed backbone breathes venomous
   <chr>  <fct> <fct>    <fct> <fct> <fct>    <fct>   <fct>    <fct>   <fct>    <fct>    <fct>   
 1 1      TRUE  FALSE    FALSE TRUE  FALSE    FALSE   TRUE     TRUE    TRUE     TRUE     FALSE   
 2 2      TRUE  FALSE    FALSE TRUE  FALSE    FALSE   FALSE    TRUE    TRUE     TRUE     FALSE   
 3 3      FALSE FALSE    TRUE  FALSE FALSE    TRUE    TRUE     TRUE    TRUE     FALSE    FALSE   
 4 4      TRUE  FALSE    FALSE TRUE  FALSE    FALSE   TRUE     TRUE    TRUE     TRUE     FALSE   
 5 5      TRUE  FALSE    FALSE TRUE  FALSE    FALSE   TRUE     TRUE    TRUE     TRUE     FALSE   
 6 6      TRUE  FALSE    FALSE TRUE  FALSE    FALSE   FALSE    TRUE    TRUE     TRUE     FALSE   
 7 7      TRUE  FALSE    FALSE TRUE  FALSE    FALSE   FALSE    TRUE    TRUE     TRUE     FALSE   
 8 8      FALSE FALSE    TRUE  FALSE FALSE    TRUE    FALSE    TRUE    TRUE     FALSE    FALSE   
 9 9      FALSE FALSE    TRUE  FALSE FALSE    TRUE    TRUE     TRUE    TRUE     FALSE    FALSE   
10 10     TRUE  FALSE    FALSE TRUE  FALSE    FALSE   FALSE    TRUE    TRUE     TRUE     FALSE   
# i 91 more rows
# i 6 more variables: fins <fct>, legs <int>, tail <fct>, domestic <fct>, catsize <fct>, type <fct>
# i Use `print(n = ...)` to see more rows
> 
> tree_default <- Zoo %>% rpart(type ~ ., data = .)
> tree_default
n= 101 

node), split, n, loss, yval, (yprob)
      * denotes terminal node

 1) root 101 60 mammal (0.41 0.2 0.05 0.13 0.04 0.079 0.099)  
   2) milk=TRUE 41  0 mammal (1 0 0 0 0 0 0) *
   3) milk=FALSE 60 40 bird (0 0.33 0.083 0.22 0.067 0.13 0.17)  
     6) feathers=TRUE 20  0 bird (0 1 0 0 0 0 0) *
     7) feathers=FALSE 40 27 fish (0 0 0.12 0.32 0.1 0.2 0.25)  
      14) fins=TRUE 13  0 fish (0 0 0 1 0 0 0) *
      15) fins=FALSE 27 17 mollusc.et.al (0 0 0.19 0 0.15 0.3 0.37)  
        30) backbone=TRUE 9  4 reptile (0 0 0.56 0 0.44 0 0) *
        31) backbone=FALSE 18  8 mollusc.et.al (0 0 0 0 0 0.44 0.56) *
> library(rpart.plot)
Error in library(rpart.plot) : 
  aucun package nommé ‘rpart.plot’ n'est trouvé
> install.packages("rpart.plot")
Installation du package dans ‘C:/Users/packardbell/AppData/Local/R/win-library/4.3’
(car ‘lib’ n'est pas spécifié)
trying URL 'https://cran.rstudio.com/bin/windows/contrib/4.3/rpart.plot_3.1.1.zip'
Content type 'application/zip' length 1034665 bytes (1010 KB)
downloaded 1010 KB

le package ‘rpart.plot’ a été décompressé et les sommes MD5 ont été vérifiées avec succés

Les packages binaires téléchargés sont dans
	C:\Users\packardbell\AppData\Local\Temp\RtmpWA5ea4\downloaded_packages
> library(rpart.plot)
> rpart.plot(tree_default, extra = 2)
Warning message:
Cannot retrieve the data used to build the model (so cannot determine roundint and is.binary for the variables).
To silence this warning:
    Call rpart.plot with roundint=FALSE,
    or rebuild the rpart model with model=TRUE. 
> tree_full <- Zoo %>% rpart(type ~ ., data = . control =  rpart.control(minsplit = 2, cm=0))
Error: unexpected symbol in "tree_full <- Zoo %>% rpart(type ~ ., data = . control"
> tree_full <- Zoo %>% rpart(type ~ ., data = ., control =  rpart.control(minsplit = 2, cm=0))
> rpart.plot(tree_full, extra = 2, roundint=FALSE, box.palette = list("Gy", "Gn", "Bu", "Bn", "Or", "Rd", "Pu"))
> pred <- predict(tree_default, Zoo, type="class")
> pred
            1             2             3             4             5             6 
       mammal        mammal          fish        mammal        mammal        mammal 
            7             8             9            10            11            12 
       mammal          fish          fish        mammal        mammal          bird 
           13            14            15            16            17            18 
         fish mollusc.et.al mollusc.et.al mollusc.et.al          bird        mammal 
           19            20            21            22            23            24 
         fish        mammal          bird          bird        mammal          bird 
           25            26            27            28            29            30 
mollusc.et.al       reptile       reptile        mammal        mammal        mammal 
           31            32            33            34            35            36 
mollusc.et.al        mammal        mammal          bird          fish        mammal 
           37            38            39            40            41            42 
       mammal          bird          fish mollusc.et.al mollusc.et.al          bird 
           43            44            45            46            47            48 
mollusc.et.al          bird        mammal        mammal mollusc.et.al        mammal 
           49            50            51            52            53            54 
       mammal        mammal        mammal mollusc.et.al       reptile mollusc.et.al 
           55            56            57            58            59            60 
       mammal        mammal          bird          bird          bird          bird 
           61            62            63            64            65            66 
         fish          fish       reptile        mammal        mammal        mammal 
           67            68            69            70            71            72 
       mammal        mammal        mammal        mammal        mammal          bird 
           73            74            75            76            77            78 
mollusc.et.al          fish        mammal        mammal       reptile mollusc.et.al 
           79            80            81            82            83            84 
         bird          bird       reptile mollusc.et.al          fish          bird 
           85            86            87            88            89            90 
       mammal mollusc.et.al          fish          bird mollusc.et.al       reptile 
           91            92            93            94            95            96 
      reptile       reptile          fish        mammal        mammal          bird 
           97            98            99           100           101 
       mammal mollusc.et.al        mammal mollusc.et.al          bird 
Levels: mammal bird reptile fish amphibian insect mollusc.et.al
> pkgs <- sort(c('tidyverse', 'rpart', 'rpart.plot', 'caret', 
+                'lattice', 'FSelector', 'sampling', 'pROC', 'mlbench')) #'FSelector', 'sampling', 'pROC', hado blash
> pkgs_install <- pkgs[!(pkgs %in% installed.packages()[,"Package"])]
> if(length(pkgs_install)) install.packages(pkgs_install)
Installation des packages dans ‘C:/Users/packardbell/AppData/Local/R/win-library/4.3’
(car ‘lib’ n'est pas spécifié)
installation des dépendances ‘listenv’, ‘parallelly’, ‘future’, ‘globals’, ‘shape’, ‘future.apply’, ‘numDeriv’, ‘progressr’, ‘SQUAREM’, ‘diagram’, ‘lava’, ‘prodlim’, ‘proxy’, ‘iterators’, ‘clock’, ‘gower’, ‘hardhat’, ‘ipred’, ‘timeDate’, ‘RWekajars’, ‘rJava’, ‘e1071’, ‘foreach’, ‘ModelMetrics’, ‘plyr’, ‘recipes’, ‘reshape2’, ‘entropy’, ‘randomForest’, ‘RWeka’, ‘Rcpp’, ‘lpSolve’

trying URL 'https://cran.rstudio.com/bin/windows/contrib/4.3/listenv_0.9.0.zip'
Content type 'application/zip' length 108350 bytes (105 KB)
downloaded 105 KB

trying URL 'https://cran.rstudio.com/bin/windows/contrib/4.3/parallelly_1.36.0.zip'
Content type 'application/zip' length 350299 bytes (342 KB)
downloaded 342 KB

trying URL 'https://cran.rstudio.com/bin/windows/contrib/4.3/future_1.32.0.zip'
Content type 'application/zip' length 673056 bytes (657 KB)
downloaded 657 KB

trying URL 'https://cran.rstudio.com/bin/windows/contrib/4.3/globals_0.16.2.zip'
Content type 'application/zip' length 106831 bytes (104 KB)
downloaded 104 KB

trying URL 'https://cran.rstudio.com/bin/windows/contrib/4.3/shape_1.4.6.zip'
Content type 'application/zip' length 786162 bytes (767 KB)
downloaded 767 KB

trying URL 'https://cran.rstudio.com/bin/windows/contrib/4.3/future.apply_1.11.0.zip'
Content type 'application/zip' length 156484 bytes (152 KB)
downloaded 152 KB

trying URL 'https://cran.rstudio.com/bin/windows/contrib/4.3/numDeriv_2016.8-1.1.zip'
Content type 'application/zip' length 116094 bytes (113 KB)
downloaded 113 KB

trying URL 'https://cran.rstudio.com/bin/windows/contrib/4.3/progressr_0.13.0.zip'
Content type 'application/zip' length 385016 bytes (375 KB)
downloaded 375 KB

trying URL 'https://cran.rstudio.com/bin/windows/contrib/4.3/SQUAREM_2021.1.zip'
Content type 'application/zip' length 183054 bytes (178 KB)
downloaded 178 KB

trying URL 'https://cran.rstudio.com/bin/windows/contrib/4.3/diagram_1.6.5.zip'
Content type 'application/zip' length 682041 bytes (666 KB)
downloaded 666 KB

trying URL 'https://cran.rstudio.com/bin/windows/contrib/4.3/lava_1.7.2.1.zip'
Content type 'application/zip' length 2480958 bytes (2.4 MB)
downloaded 2.4 MB

trying URL 'https://cran.rstudio.com/bin/windows/contrib/4.3/prodlim_2023.03.31.zip'
Content type 'application/zip' length 414460 bytes (404 KB)
downloaded 404 KB

trying URL 'https://cran.rstudio.com/bin/windows/contrib/4.3/proxy_0.4-27.zip'
Content type 'application/zip' length 179482 bytes (175 KB)
downloaded 175 KB

trying URL 'https://cran.rstudio.com/bin/windows/contrib/4.3/iterators_1.0.14.zip'
Content type 'application/zip' length 352393 bytes (344 KB)
downloaded 344 KB

trying URL 'https://cran.rstudio.com/bin/windows/contrib/4.3/clock_0.7.0.zip'
Content type 'application/zip' length 2176945 bytes (2.1 MB)
downloaded 2.1 MB

trying URL 'https://cran.rstudio.com/bin/windows/contrib/4.3/gower_1.0.1.zip'
Content type 'application/zip' length 314682 bytes (307 KB)
downloaded 307 KB

trying URL 'https://cran.rstudio.com/bin/windows/contrib/4.3/hardhat_1.3.0.zip'
Content type 'application/zip' length 835805 bytes (816 KB)
downloaded 816 KB

trying URL 'https://cran.rstudio.com/bin/windows/contrib/4.3/ipred_0.9-14.zip'
Content type 'application/zip' length 388242 bytes (379 KB)
downloaded 379 KB

trying URL 'https://cran.rstudio.com/bin/windows/contrib/4.3/timeDate_4022.108.zip'
Content type 'application/zip' length 1395194 bytes (1.3 MB)
downloaded 1.3 MB

trying URL 'https://cran.rstudio.com/bin/windows/contrib/4.3/RWekajars_3.9.3-2.zip'
Content type 'application/zip' length 10032898 bytes (9.6 MB)
downloaded 9.6 MB

trying URL 'https://cran.rstudio.com/bin/windows/contrib/4.3/rJava_1.0-6.zip'
Content type 'application/zip' length 1299141 bytes (1.2 MB)
downloaded 1.2 MB

trying URL 'https://cran.rstudio.com/bin/windows/contrib/4.3/e1071_1.7-13.zip'
Content type 'application/zip' length 653254 bytes (637 KB)
downloaded 637 KB

trying URL 'https://cran.rstudio.com/bin/windows/contrib/4.3/foreach_1.5.2.zip'
Content type 'application/zip' length 147906 bytes (144 KB)
downloaded 144 KB

trying URL 'https://cran.rstudio.com/bin/windows/contrib/4.3/ModelMetrics_1.2.2.2.zip'
Content type 'application/zip' length 480965 bytes (469 KB)
downloaded 469 KB

trying URL 'https://cran.rstudio.com/bin/windows/contrib/4.3/plyr_1.8.8.zip'
Content type 'application/zip' length 1162622 bytes (1.1 MB)
downloaded 1.1 MB

trying URL 'https://cran.rstudio.com/bin/windows/contrib/4.3/recipes_1.0.6.zip'
Content type 'application/zip' length 1511422 bytes (1.4 MB)
downloaded 1.4 MB

trying URL 'https://cran.rstudio.com/bin/windows/contrib/4.3/reshape2_1.4.4.zip'
Content type 'application/zip' length 453927 bytes (443 KB)
downloaded 443 KB

trying URL 'https://cran.rstudio.com/bin/windows/contrib/4.3/entropy_1.3.1.zip'
Content type 'application/zip' length 90192 bytes (88 KB)
downloaded 88 KB

trying URL 'https://cran.rstudio.com/bin/windows/contrib/4.3/randomForest_4.7-1.1.zip'
Content type 'application/zip' length 222305 bytes (217 KB)
downloaded 217 KB

trying URL 'https://cran.rstudio.com/bin/windows/contrib/4.3/RWeka_0.4-46.zip'
Content type 'application/zip' length 537601 bytes (525 KB)
downloaded 525 KB

trying URL 'https://cran.rstudio.com/bin/windows/contrib/4.3/Rcpp_1.0.10.zip'
Content type 'application/zip' length 2869538 bytes (2.7 MB)
downloaded 2.7 MB

trying URL 'https://cran.rstudio.com/bin/windows/contrib/4.3/lpSolve_5.6.18.zip'
Content type 'application/zip' length 359973 bytes (351 KB)
downloaded 351 KB

trying URL 'https://cran.rstudio.com/bin/windows/contrib/4.3/caret_6.0-94.zip'
Content type 'application/zip' length 3575791 bytes (3.4 MB)
downloaded 3.4 MB

trying URL 'https://cran.rstudio.com/bin/windows/contrib/4.3/FSelector_0.33.zip'
Content type 'application/zip' length 94976 bytes (92 KB)
downloaded 92 KB

trying URL 'https://cran.rstudio.com/bin/windows/contrib/4.3/pROC_1.18.2.zip'
Content type 'application/zip' length 1164665 bytes (1.1 MB)
downloaded 1.1 MB

trying URL 'https://cran.rstudio.com/bin/windows/contrib/4.3/sampling_2.9.zip'
Content type 'application/zip' length 917283 bytes (895 KB)
downloaded 895 KB

le package ‘listenv’ a été décompressé et les sommes MD5 ont été vérifiées avec succés
le package ‘parallelly’ a été décompressé et les sommes MD5 ont été vérifiées avec succés
le package ‘future’ a été décompressé et les sommes MD5 ont été vérifiées avec succés
le package ‘globals’ a été décompressé et les sommes MD5 ont été vérifiées avec succés
le package ‘shape’ a été décompressé et les sommes MD5 ont été vérifiées avec succés
le package ‘future.apply’ a été décompressé et les sommes MD5 ont été vérifiées avec succés
le package ‘numDeriv’ a été décompressé et les sommes MD5 ont été vérifiées avec succés
le package ‘progressr’ a été décompressé et les sommes MD5 ont été vérifiées avec succés
le package ‘SQUAREM’ a été décompressé et les sommes MD5 ont été vérifiées avec succés
le package ‘diagram’ a été décompressé et les sommes MD5 ont été vérifiées avec succés
le package ‘lava’ a été décompressé et les sommes MD5 ont été vérifiées avec succés
le package ‘prodlim’ a été décompressé et les sommes MD5 ont été vérifiées avec succés
le package ‘proxy’ a été décompressé et les sommes MD5 ont été vérifiées avec succés
le package ‘iterators’ a été décompressé et les sommes MD5 ont été vérifiées avec succés
le package ‘clock’ a été décompressé et les sommes MD5 ont été vérifiées avec succés
le package ‘gower’ a été décompressé et les sommes MD5 ont été vérifiées avec succés
le package ‘hardhat’ a été décompressé et les sommes MD5 ont été vérifiées avec succés
le package ‘ipred’ a été décompressé et les sommes MD5 ont été vérifiées avec succés
le package ‘timeDate’ a été décompressé et les sommes MD5 ont été vérifiées avec succés
le package ‘RWekajars’ a été décompressé et les sommes MD5 ont été vérifiées avec succés
le package ‘rJava’ a été décompressé et les sommes MD5 ont été vérifiées avec succés
le package ‘e1071’ a été décompressé et les sommes MD5 ont été vérifiées avec succés
le package ‘foreach’ a été décompressé et les sommes MD5 ont été vérifiées avec succés
le package ‘ModelMetrics’ a été décompressé et les sommes MD5 ont été vérifiées avec succés
le package ‘plyr’ a été décompressé et les sommes MD5 ont été vérifiées avec succés
le package ‘recipes’ a été décompressé et les sommes MD5 ont été vérifiées avec succés
le package ‘reshape2’ a été décompressé et les sommes MD5 ont été vérifiées avec succés
le package ‘entropy’ a été décompressé et les sommes MD5 ont été vérifiées avec succés
le package ‘randomForest’ a été décompressé et les sommes MD5 ont été vérifiées avec succés
le package ‘RWeka’ a été décompressé et les sommes MD5 ont été vérifiées avec succés
le package ‘Rcpp’ a été décompressé et les sommes MD5 ont été vérifiées avec succés
le package ‘lpSolve’ a été décompressé et les sommes MD5 ont été vérifiées avec succés
le package ‘caret’ a été décompressé et les sommes MD5 ont été vérifiées avec succés
le package ‘FSelector’ a été décompressé et les sommes MD5 ont été vérifiées avec succés
le package ‘pROC’ a été décompressé et les sommes MD5 ont été vérifiées avec succés
le package ‘sampling’ a été décompressé et les sommes MD5 ont été vérifiées avec succés

Les packages binaires téléchargés sont dans
	C:\Users\packardbell\AppData\Local\Temp\RtmpWA5ea4\downloaded_packages
> 
> 
> confusion_table <- with(Zoo, table(type, pred)) 
> confusion_table 
               pred
type            mammal bird reptile fish amphibian insect mollusc.et.al
  mammal            41    0       0    0         0      0             0
  bird               0   20       0    0         0      0             0
  reptile            0    0       5    0         0      0             0
  fish               0    0       0   13         0      0             0
  amphibian          0    0       4    0         0      0             0
  insect             0    0       0    0         0      0             8
  mollusc.et.al      0    0       0    0         0      0            10
> correct <- confusion_table |> diag() |> sum()
> correct
[1] 89
> error <- confusion_table |> sum() - correct
> error
[1] 12
> 
> accuracy <- correct / (correct + error)
> accuracy
[1] 0.8811881
> accuracy <- function(truth, prediction) {
+     tbl <- table(truth, prediction)
+     sum(diag(tbl))/sum(tbl)
+ }
> accuracy(Zoo |> pull(type), pred)
[1] 0.8811881
> 
> library(caret)
Le chargement a nécessité le package : lattice

Attachement du package : ‘caret’

L'objet suivant est masqué depuis ‘package:purrr’:

    lift

> library(caret)
> confusionMatrix(data = pred, 
+                 reference = Zoo |> pull(type))
Confusion Matrix and Statistics

               Reference
Prediction      mammal bird reptile fish amphibian insect mollusc.et.al
  mammal            41    0       0    0         0      0             0
  bird               0   20       0    0         0      0             0
  reptile            0    0       5    0         4      0             0
  fish               0    0       0   13         0      0             0
  amphibian          0    0       0    0         0      0             0
  insect             0    0       0    0         0      0             0
  mollusc.et.al      0    0       0    0         0      8            10

Overall Statistics
                                          
               Accuracy : 0.8812          
                 95% CI : (0.8017, 0.9371)
    No Information Rate : 0.4059          
    P-Value [Acc > NIR] : < 2.2e-16       
                                          
                  Kappa : 0.8431          
                                          
 Mcnemar's Test P-Value : NA              

Statistics by Class:

                     Class: mammal Class: bird Class: reptile Class: fish Class: amphibian
Sensitivity                 1.0000       1.000        1.00000      1.0000           0.0000
Specificity                 1.0000       1.000        0.95833      1.0000           1.0000
Pos Pred Value              1.0000       1.000        0.55556      1.0000              NaN
Neg Pred Value              1.0000       1.000        1.00000      1.0000           0.9604
Prevalence                  0.4059       0.198        0.04950      0.1287           0.0396
Detection Rate              0.4059       0.198        0.04950      0.1287           0.0000
Detection Prevalence        0.4059       0.198        0.08911      0.1287           0.0000
Balanced Accuracy           1.0000       1.000        0.97917      1.0000           0.5000
                     Class: insect Class: mollusc.et.al
Sensitivity                0.00000              1.00000
Specificity                1.00000              0.91209
Pos Pred Value                 NaN              0.55556
Neg Pred Value             0.92079              1.00000
Prevalence                 0.07921              0.09901
Detection Rate             0.00000              0.09901
Detection Prevalence       0.00000              0.17822
Balanced Accuracy          0.50000              0.95604
> 
> inTrain <- createDataPartition(y = Zoo$type, p = .8, list = FALSE)
> 
> Zoo_train <- Zoo |> slice(inTrain)
Warning message:
Slicing with a 1-column matrix was deprecated in dplyr 1.1.0.
This warning is displayed once every 8 hours.
Call `lifecycle::last_lifecycle_warnings()` to see where this warning was generated. 
> Zoo_train <- Zoo |> slice(inTrain)
> Zoo_test <- Zoo |> slice(-inTrain)
> fit <- Zoo_train |>
+     train(type ~ .,
+           data = _ ,
+           method = "rpart",
+           control = rpart.control(minsplit = 2),
+           trControl = trainControl(method = "cv", number = 10),
+           tuneLength = 5)
> fit
CART 

83 samples
16 predictors
 7 classes: 'mammal', 'bird', 'reptile', 'fish', 'amphibian', 'insect', 'mollusc.et.al' 

No pre-processing
Resampling: Cross-Validated (10 fold) 
Summary of sample sizes: 75, 74, 73, 74, 76, 74, ... 
Resampling results across tuning parameters:

  cp    Accuracy   Kappa    
  0.00  0.9621032  0.9486826
  0.08  0.8344841  0.7816957
  0.16  0.7300397  0.6437172
  0.22  0.6667460  0.5474402
  0.32  0.4517857  0.1555873

Accuracy was used to select the optimal model using the largest value.
The final value used for the model was cp = 0.
> rpart.plot(fit$finalModel, extra = 2,
+            box.palette = list("Gy", "Gn", "Bu", "Bn", "Or", "Rd", "Pu"))
> 
> pred <- predict(fit, newdata = Zoo_test)
> pred
 [1] mammal        mammal        mammal        fish          insect        bird         
 [7] mammal        mammal        mammal        bird          fish          mammal       
[13] mammal        amphibian     mollusc.et.al bird          mollusc.et.al bird         
Levels: mammal bird reptile fish amphibian insect mollusc.et.al
> 
> confusionMatrix(data = pred, 
+                 ref = Zoo_test |> pull(type))
Confusion Matrix and Statistics

               Reference
Prediction      mammal bird reptile fish amphibian insect mollusc.et.al
  mammal             8    0       0    0         0      0             0
  bird               0    4       0    0         0      0             0
  reptile            0    0       0    0         0      0             0
  fish               0    0       0    2         0      0             0
  amphibian          0    0       1    0         0      0             0
  insect             0    0       0    0         0      1             0
  mollusc.et.al      0    0       0    0         0      0             2

Overall Statistics
                                          
               Accuracy : 0.9444          
                 95% CI : (0.7271, 0.9986)
    No Information Rate : 0.4444          
    P-Value [Acc > NIR] : 1.076e-05       
                                          
                  Kappa : 0.9234          
                                          
 Mcnemar's Test P-Value : NA              

Statistics by Class:

                     Class: mammal Class: bird Class: reptile Class: fish Class: amphibian
Sensitivity                 1.0000      1.0000        0.00000      1.0000               NA
Specificity                 1.0000      1.0000        1.00000      1.0000          0.94444
Pos Pred Value              1.0000      1.0000            NaN      1.0000               NA
Neg Pred Value              1.0000      1.0000        0.94444      1.0000               NA
Prevalence                  0.4444      0.2222        0.05556      0.1111          0.00000
Detection Rate              0.4444      0.2222        0.00000      0.1111          0.00000
Detection Prevalence        0.4444      0.2222        0.00000      0.1111          0.05556
Balanced Accuracy           1.0000      1.0000        0.50000      1.0000               NA
                     Class: insect Class: mollusc.et.al
Sensitivity                1.00000               1.0000
Specificity                1.00000               1.0000
Pos Pred Value             1.00000               1.0000
Neg Pred Value             1.00000               1.0000
Prevalence                 0.05556               0.1111
Detection Rate             0.05556               0.1111
Detection Prevalence       0.05556               0.1111
Balanced Accuracy          1.00000               1.0000
> confusionMatrix(data = pred, 
+                 ref = Zoo_test$type)
Confusion Matrix and Statistics

               Reference
Prediction      mammal bird reptile fish amphibian insect mollusc.et.al
  mammal             8    0       0    0         0      0             0
  bird               0    4       0    0         0      0             0
  reptile            0    0       0    0         0      0             0
  fish               0    0       0    2         0      0             0
  amphibian          0    0       1    0         0      0             0
  insect             0    0       0    0         0      1             0
  mollusc.et.al      0    0       0    0         0      0             2

Overall Statistics
                                          
               Accuracy : 0.9444          
                 95% CI : (0.7271, 0.9986)
    No Information Rate : 0.4444          
    P-Value [Acc > NIR] : 1.076e-05       
                                          
                  Kappa : 0.9234          
                                          
 Mcnemar's Test P-Value : NA              

Statistics by Class:

                     Class: mammal Class: bird Class: reptile Class: fish Class: amphibian
Sensitivity                 1.0000      1.0000        0.00000      1.0000               NA
Specificity                 1.0000      1.0000        1.00000      1.0000          0.94444
Pos Pred Value              1.0000      1.0000            NaN      1.0000               NA
Neg Pred Value              1.0000      1.0000        0.94444      1.0000               NA
Prevalence                  0.4444      0.2222        0.05556      0.1111          0.00000
Detection Rate              0.4444      0.2222        0.00000      0.1111          0.00000
Detection Prevalence        0.4444      0.2222        0.00000      0.1111          0.05556
Balanced Accuracy           1.0000      1.0000        0.50000      1.0000               NA
                     Class: insect Class: mollusc.et.al
Sensitivity                1.00000               1.0000
Specificity                1.00000               1.0000
Pos Pred Value             1.00000               1.0000
Neg Pred Value             1.00000               1.0000
Prevalence                 0.05556               0.1111
Detection Rate             0.05556               0.1111
Detection Prevalence       0.05556               0.1111
Balanced Accuracy          1.00000               1.0000
> 